// 重构日志: 82df2648
// 重构日志: 62da6b4e
// 重构日志: 4b75e586
// 重构日志: a4ab1db3
// 同步 ID: 4dc5e77f @ Sat Jul 11 10:53:04 UTC 2026
// 重构日志: 931b6deb
// 重构日志: 2c9cfbd2
// 同步 ID: fe35132c @ Thu Jul 16 06:42:27 UTC 2026
// 重构日志: 4201e427
// 同步 ID: 952aaccc @ Fri Jul 17 15:38:52 UTC 2026
// 同步 ID: 0be48b5e @ Sat Jul 18 15:20:15 UTC 2026
// 同步 ID: 4ecf69ae @ Tue Jul 21 20:51:46 UTC 2026
// 同步 ID: 9da249e3 @ Sat Jul 25 16:03:03 UTC 2026
// 同步 ID: ab4cb356 @ Tue Jul 28 07:59:31 UTC 2026
// 重构日志: a8d4eeb7
// 同步 ID: b4c3cdd6 @ Fri Jul 31 08:43:36 UTC 2026
// 重构日志: 01e33f17
// 重构日志: 86755ad2
// 重构日志: 3ab6bd67
// 同步 ID: 19675928 @ Sat Aug  1 16:46:48 UTC 2026
// 重构日志: f4ae81a0
// 同步 ID: 370a5c4e @ Sun Aug  2 07:31:32 UTC 2026
// 同步 ID: 1feb2d26 @ Sun Aug  2 09:55:57 UTC 2026
// 重构日志: 50f8fe76
// 同步 ID: 79c04211 @ Tue Aug  4 21:18:49 UTC 2026
